<html>
<body>
<pre>
<h1>礦ision Build Log</h1>
<h2>Tool Versions:</h2>
IDE-Version: μVision V5.14.1
Copyright (C) 2015 ARM Ltd and ARM Germany GmbH. All rights reserved.
License Information: Cortex-M3, hantech, LIC=65ILQ-NKBB2-00WN9-4SN9T-6HJEX-AG8UP
 
Tool Versions:
Toolchain:       MDK-ARM Standard  Version: 5.12.0.0
Toolchain Path:  D:\SProgram Files\Keil5\ARM\ARMCC\Bin
C Compiler:      Armcc.exe V5.05 (build 41)
Assembler:       Armasm.exe V5.05 (build 41)
Linker/Locator:  ArmLink.exe V5.05 (build 41)
Library Manager: ArmAr.exe V5.05 (build 41)
Hex Converter:   FromElf.exe V5.05 (build 41)
CPU DLL:         SARMCM3.DLL V5.12.0.0
Dialog DLL:      DARMSTM.DLL V1.65.0.0
Target DLL:      Segger\JL2CM3.dll V2.99.2.0
Dialog DLL:      TARMSTM.DLL V1.64.0.0
 
<h2>Project:</h2>
H:\Work\航太\项目\智能车\project_arm\小车红外遥控超声波测距\htdemo.uvproj
Project File Date:  09/10/2015

<h2>Output:</h2>
*** Using Compiler 'V5.05 (build 41)', folder: 'D:\SProgram Files\Keil5\ARM\ARMCC\Bin'
Build target 'armdemo'
compiling UltrasonicCtrol.c...
linking...
Program Size: Code=6176 RO-data=2244 RW-data=40 ZI-data=1632  
FromELF: creating hex file...
".\Objects\htdemo.axf" - 0 Error(s), 0 Warning(s).
</pre>
</body>
</html>
